******************************************************************************
             TMS320C2000 Linker PC v6.2.5                      
******************************************************************************
>> Linked Fri Mar 24 14:57:15 2017

OUTPUT FILE NAME:   <Example_2803xI2C_eeprom.out>
ENTRY POINT SYMBOL: "code_start"  address: 003f7ff6


MEMORY CONFIGURATION

         name            origin    length      used     unused   attr    fill
----------------------  --------  ---------  --------  --------  ----  --------
PAGE 0:
  RAML0                 00008000   00000800  00000004  000007fc  RWIX
  RAML1                 00008800   00000400  00000000  00000400  RWIX
  OTP                   003d7800   00000400  00000000  00000400  RWIX
  FLASHH                003e8000   00002000  00000000  00002000  RWIX
  FLASHG                003ea000   00002000  00000000  00002000  RWIX
  FLASHF                003ec000   00002000  00000000  00002000  RWIX
  FLASHE                003ee000   00002000  00000000  00002000  RWIX
  FLASHD                003f0000   00002000  00000004  00001ffc  RWIX
  FLASHC                003f2000   00002000  00000128  00001ed8  RWIX
  FLASHA                003f6000   00001f80  00001443  00000b3d  RWIX
  CSM_RSVD              003f7f80   00000076  00000000  00000076  RWIX
  BEGIN                 003f7ff6   00000002  00000002  00000000  RWIX
  CSM_PWL_P0            003f7ff8   00000008  00000000  00000008  RWIX
  IQTABLES              003fe000   00000b50  00000000  00000b50  RWIX
  IQTABLES2             003feb50   0000008c  00000000  0000008c  RWIX
  IQTABLES3             003febdc   000000aa  00000000  000000aa  RWIX
  ROM                   003ff27c   00000d44  00000000  00000d44  RWIX
  RESET                 003fffc0   00000002  00000000  00000002  RWIX
  VECTORS               003fffc2   0000003e  00000000  0000003e  RWIX

PAGE 1:
  BOOT_RSVD             00000000   00000050  00000000  00000050  RWIX
  RAMM0                 00000050   000003b0  00000380  00000030  RWIX
  RAMM1                 00000400   00000400  00000000  00000400  RWIX
  DEV_EMU               00000880   00000105  00000004  00000101  RWIX
  SYS_PWR_CTL           00000985   00000003  00000003  00000000  RWIX
  FLASH_REGS            00000a80   00000060  00000008  00000058  RWIX
  CSM                   00000ae0   00000010  00000010  00000000  RWIX
  ADC_RESULT            00000b00   00000020  00000020  00000000  RWIX
  CPU_TIMER0            00000c00   00000008  00000008  00000000  RWIX
  CPU_TIMER1            00000c08   00000008  00000008  00000000  RWIX
  CPU_TIMER2            00000c10   00000008  00000008  00000000  RWIX
  PIE_CTRL              00000ce0   00000020  0000001a  00000006  RWIX
  PIE_VECT              00000d00   00000100  00000100  00000000  RWIX
  CLA1                  00001400   00000080  00000040  00000040  RWIX
  ECANA                 00006000   00000040  00000034  0000000c  RWIX
  ECANA_LAM             00006040   00000040  00000040  00000000  RWIX
  ECANA_MOTS            00006080   00000040  00000040  00000000  RWIX
  ECANA_MOTO            000060c0   00000040  00000040  00000000  RWIX
  ECANA_MBOX            00006100   00000100  00000100  00000000  RWIX
  COMP1                 00006400   00000020  00000014  0000000c  RWIX
  COMP2                 00006420   00000020  00000014  0000000c  RWIX
  COMP3                 00006440   00000020  00000014  0000000c  RWIX
  EPWM1                 00006800   00000040  00000040  00000000  RWIX
  EPWM2                 00006840   00000040  00000040  00000000  RWIX
  EPWM3                 00006880   00000040  00000040  00000000  RWIX
  EPWM4                 000068c0   00000040  00000040  00000000  RWIX
  EPWM5                 00006900   00000040  00000040  00000000  RWIX
  EPWM6                 00006940   00000040  00000040  00000000  RWIX
  EPWM7                 00006980   00000040  00000040  00000000  RWIX
  ECAP1                 00006a00   00000020  00000020  00000000  RWIX
  HRCAP1                00006ac0   00000020  00000020  00000000  RWIX
  HRCAP2                00006ae0   00000020  00000020  00000000  RWIX
  EQEP1                 00006b00   00000040  00000040  00000000  RWIX
  LINA                  00006c00   00000080  0000004a  00000036  RWIX
  GPIOCTRL              00006f80   00000040  00000040  00000000  RWIX
  GPIODAT               00006fc0   00000020  00000020  00000000  RWIX
  GPIOINT               00006fe0   00000020  0000000c  00000014  RWIX
  SYSTEM                00007010   00000020  00000020  00000000  RWIX
  SPIA                  00007040   00000010  00000010  00000000  RWIX
  SCIA                  00007050   00000010  00000010  00000000  RWIX
  NMIINTRUPT            00007060   00000010  00000010  00000000  RWIX
  XINTRUPT              00007070   00000010  00000010  00000000  RWIX
  ADC                   00007100   00000080  00000050  00000030  RWIX
  SPIB                  00007740   00000010  00000010  00000000  RWIX
  I2CA                  00007900   00000040  00000022  0000001e  RWIX
  RAML2                 00008c00   00000400  00000098  00000368  RWIX
  RAML3                 00009000   00001000  00000000  00001000  RWIX
  PARTID                003d7e80   00000001  00000001  00000000  RWIX
  FLASHB                003f4000   00002000  00000000  00002000  RWIX
  CSM_PWL               003f7ff8   00000008  00000008  00000000  RWIX


SECTION ALLOCATION MAP

 output                                  attributes/
section   page    origin      length       input sections
--------  ----  ----------  ----------   ----------------
.pinit     0    003f6000    00000000     UNINITIALIZED

ramfuncs   0    003f0000    00000004     RUN ADDR = 00008000
                  003f0000    00000004     DSP2803x_usDelay.obj (ramfuncs)

.econst    0    003f2000    00000100     
                  003f2000    00000100     DSP2803x_PieVect.obj (.econst)

.switch    0    003f2100    00000028     
                  003f2100    00000028     Example_2803xI2C_eeprom.obj (.switch:_CANSlaveReception)

.text      0    003f6000    000013a3     
                  003f6000    000009d4     Example_2803xI2C_eeprom.obj (.text)
                  003f69d4    000001a9     DSP2803x_Adc.obj (.text)
                  003f6b7d    0000017c     DSP2803x_DefaultIsr.obj (.text:retain)
                  003f6cf9    0000013b     DSP2803x_SysCtrl.obj (.text)
                  003f6e34    000000fb     Example_2803xI2C_eeprom.obj (.text:retain)
                  003f6f2f    000000aa     rts2800_ml.lib : log.obj (.text)
                  003f6fd9    00000083                    : fs_div.obj (.text)
                  003f705c    00000078                    : fs_add.obj (.text)
                  003f70d4    00000076     DSP2803x_CpuTimers.obj (.text)
                  003f714a    0000005a     rts2800_ml.lib : fs_mpy.obj (.text)
                  003f71a4    00000052     DSP2803x_Spi.obj (.text)
                  003f71f6    00000044     rts2800_ml.lib : boot.obj (.text)
                  003f723a    00000029                    : fs_tol.obj (.text)
                  003f7263    00000028     DSP2803x_PieCtrl.obj (.text)
                  003f728b    00000025     DSP2803x_PieVect.obj (.text)
                  003f72b0    00000025     rts2800_ml.lib : fs_toi.obj (.text)
                  003f72d5    0000001d                    : fs_tou.obj (.text)
                  003f72f2    0000001a                    : i_tofs.obj (.text)
                  003f730c    00000019     DSP2803x_I2C.obj (.text)
                  003f7325    00000019     rts2800_ml.lib : args_main.obj (.text)
                  003f733e    00000019                    : exit.obj (.text)
                  003f7357    00000017                    : fs_cmp.obj (.text)
                  003f736e    00000014                    : frexp.obj (.text)
                  003f7382    00000010                    : u_tofs.obj (.text)
                  003f7392    00000009                    : _lock.obj (.text)
                  003f739b    00000008     DSP2803x_CodeStartBranch.obj (.text)

.cinit     0    003f73a3    000000a0     
                  003f73a3    00000086     Example_2803xI2C_eeprom.obj (.cinit)
                  003f7429    0000000a     rts2800_ml.lib : _lock.obj (.cinit)
                  003f7433    0000000a                    : exit.obj (.cinit)
                  003f743d    00000004                    : errno.obj (.cinit)
                  003f7441    00000002     --HOLE-- [fill = 0]

codestart 
*          0    003f7ff6    00000002     
                  003f7ff6    00000002     DSP2803x_CodeStartBranch.obj (codestart)

.reset     0    003fffc0    00000002     DSECT
                  003fffc0    00000002     rts2800_ml.lib : boot.obj (.reset)

vectors    0    003fffc2    00000000     DSECT

.stack     1    00000050    00000380     UNINITIALIZED
                  00000050    00000380     --HOLE--

DevEmuRegsFile 
*          1    00000880    00000004     UNINITIALIZED
                  00000880    00000004     DSP2803x_GlobalVariableDefs.obj (DevEmuRegsFile)

SysPwrCtrlRegsFile 
*          1    00000985    00000003     UNINITIALIZED
                  00000985    00000003     DSP2803x_GlobalVariableDefs.obj (SysPwrCtrlRegsFile)

FlashRegsFile 
*          1    00000a80    00000008     UNINITIALIZED
                  00000a80    00000008     DSP2803x_GlobalVariableDefs.obj (FlashRegsFile)

CsmRegsFile 
*          1    00000ae0    00000010     UNINITIALIZED
                  00000ae0    00000010     DSP2803x_GlobalVariableDefs.obj (CsmRegsFile)

AdcResultFile 
*          1    00000b00    00000020     UNINITIALIZED
                  00000b00    00000020     DSP2803x_GlobalVariableDefs.obj (AdcResultFile)

CpuTimer0RegsFile 
*          1    00000c00    00000008     UNINITIALIZED
                  00000c00    00000008     DSP2803x_GlobalVariableDefs.obj (CpuTimer0RegsFile)

CpuTimer1RegsFile 
*          1    00000c08    00000008     UNINITIALIZED
                  00000c08    00000008     DSP2803x_GlobalVariableDefs.obj (CpuTimer1RegsFile)

CpuTimer2RegsFile 
*          1    00000c10    00000008     UNINITIALIZED
                  00000c10    00000008     DSP2803x_GlobalVariableDefs.obj (CpuTimer2RegsFile)

PieCtrlRegsFile 
*          1    00000ce0    0000001a     UNINITIALIZED
                  00000ce0    0000001a     DSP2803x_GlobalVariableDefs.obj (PieCtrlRegsFile)

PieVectTableFile 
*          1    00000d00    00000100     UNINITIALIZED
                  00000d00    00000100     DSP2803x_GlobalVariableDefs.obj (PieVectTableFile)

EmuKeyVar 
*          1    00000d00    00000001     UNINITIALIZED
                  00000d00    00000001     DSP2803x_GlobalVariableDefs.obj (EmuKeyVar)

EmuBModeVar 
*          1    00000d01    00000001     UNINITIALIZED
                  00000d01    00000001     DSP2803x_GlobalVariableDefs.obj (EmuBModeVar)

FlashCallbackVar 
*          1    00000d02    00000002     UNINITIALIZED
                  00000d02    00000002     DSP2803x_GlobalVariableDefs.obj (FlashCallbackVar)

FlashScalingVar 
*          1    00000d04    00000002     UNINITIALIZED
                  00000d04    00000002     DSP2803x_GlobalVariableDefs.obj (FlashScalingVar)

Cla1RegsFile 
*          1    00001400    00000040     UNINITIALIZED
                  00001400    00000040     DSP2803x_GlobalVariableDefs.obj (Cla1RegsFile)

ECanaRegsFile 
*          1    00006000    00000034     UNINITIALIZED
                  00006000    00000034     DSP2803x_GlobalVariableDefs.obj (ECanaRegsFile)

ECanaLAMRegsFile 
*          1    00006040    00000040     UNINITIALIZED
                  00006040    00000040     DSP2803x_GlobalVariableDefs.obj (ECanaLAMRegsFile)

ECanaMOTSRegsFile 
*          1    00006080    00000040     UNINITIALIZED
                  00006080    00000040     DSP2803x_GlobalVariableDefs.obj (ECanaMOTSRegsFile)

ECanaMOTORegsFile 
*          1    000060c0    00000040     UNINITIALIZED
                  000060c0    00000040     DSP2803x_GlobalVariableDefs.obj (ECanaMOTORegsFile)

ECanaMboxesFile 
*          1    00006100    00000100     UNINITIALIZED
                  00006100    00000100     DSP2803x_GlobalVariableDefs.obj (ECanaMboxesFile)

Comp1RegsFile 
*          1    00006400    00000014     UNINITIALIZED
                  00006400    00000014     DSP2803x_GlobalVariableDefs.obj (Comp1RegsFile)

Comp2RegsFile 
*          1    00006420    00000014     UNINITIALIZED
                  00006420    00000014     DSP2803x_GlobalVariableDefs.obj (Comp2RegsFile)

Comp3RegsFile 
*          1    00006440    00000014     UNINITIALIZED
                  00006440    00000014     DSP2803x_GlobalVariableDefs.obj (Comp3RegsFile)

EPwm1RegsFile 
*          1    00006800    00000040     UNINITIALIZED
                  00006800    00000040     DSP2803x_GlobalVariableDefs.obj (EPwm1RegsFile)

EPwm2RegsFile 
*          1    00006840    00000040     UNINITIALIZED
                  00006840    00000040     DSP2803x_GlobalVariableDefs.obj (EPwm2RegsFile)

EPwm3RegsFile 
*          1    00006880    00000040     UNINITIALIZED
                  00006880    00000040     DSP2803x_GlobalVariableDefs.obj (EPwm3RegsFile)

EPwm4RegsFile 
*          1    000068c0    00000040     UNINITIALIZED
                  000068c0    00000040     DSP2803x_GlobalVariableDefs.obj (EPwm4RegsFile)

EPwm5RegsFile 
*          1    00006900    00000040     UNINITIALIZED
                  00006900    00000040     DSP2803x_GlobalVariableDefs.obj (EPwm5RegsFile)

EPwm6RegsFile 
*          1    00006940    00000040     UNINITIALIZED
                  00006940    00000040     DSP2803x_GlobalVariableDefs.obj (EPwm6RegsFile)

EPwm7RegsFile 
*          1    00006980    00000040     UNINITIALIZED
                  00006980    00000040     DSP2803x_GlobalVariableDefs.obj (EPwm7RegsFile)

ECap1RegsFile 
*          1    00006a00    00000020     UNINITIALIZED
                  00006a00    00000020     DSP2803x_GlobalVariableDefs.obj (ECap1RegsFile)

HRCap1RegsFile 
*          1    00006ac0    00000020     UNINITIALIZED
                  00006ac0    00000020     DSP2803x_GlobalVariableDefs.obj (HRCap1RegsFile)

HRCap2RegsFile 
*          1    00006ae0    00000020     UNINITIALIZED
                  00006ae0    00000020     DSP2803x_GlobalVariableDefs.obj (HRCap2RegsFile)

EQep1RegsFile 
*          1    00006b00    00000040     UNINITIALIZED
                  00006b00    00000040     DSP2803x_GlobalVariableDefs.obj (EQep1RegsFile)

LinaRegsFile 
*          1    00006c00    0000004a     UNINITIALIZED
                  00006c00    0000004a     DSP2803x_GlobalVariableDefs.obj (LinaRegsFile)

GpioCtrlRegsFile 
*          1    00006f80    00000040     UNINITIALIZED
                  00006f80    00000040     DSP2803x_GlobalVariableDefs.obj (GpioCtrlRegsFile)

GpioDataRegsFile 
*          1    00006fc0    00000020     UNINITIALIZED
                  00006fc0    00000020     DSP2803x_GlobalVariableDefs.obj (GpioDataRegsFile)

GpioIntRegsFile 
*          1    00006fe0    0000000c     UNINITIALIZED
                  00006fe0    0000000c     DSP2803x_GlobalVariableDefs.obj (GpioIntRegsFile)

SysCtrlRegsFile 
*          1    00007010    00000020     UNINITIALIZED
                  00007010    00000020     DSP2803x_GlobalVariableDefs.obj (SysCtrlRegsFile)

SpiaRegsFile 
*          1    00007040    00000010     UNINITIALIZED
                  00007040    00000010     DSP2803x_GlobalVariableDefs.obj (SpiaRegsFile)

SciaRegsFile 
*          1    00007050    00000010     UNINITIALIZED
                  00007050    00000010     DSP2803x_GlobalVariableDefs.obj (SciaRegsFile)

NmiIntruptRegsFile 
*          1    00007060    00000010     UNINITIALIZED
                  00007060    00000010     DSP2803x_GlobalVariableDefs.obj (NmiIntruptRegsFile)

XIntruptRegsFile 
*          1    00007070    00000010     UNINITIALIZED
                  00007070    00000010     DSP2803x_GlobalVariableDefs.obj (XIntruptRegsFile)

AdcRegsFile 
*          1    00007100    00000050     UNINITIALIZED
                  00007100    00000050     DSP2803x_GlobalVariableDefs.obj (AdcRegsFile)

SpibRegsFile 
*          1    00007740    00000010     UNINITIALIZED
                  00007740    00000010     DSP2803x_GlobalVariableDefs.obj (SpibRegsFile)

I2caRegsFile 
*          1    00007900    00000022     UNINITIALIZED
                  00007900    00000022     DSP2803x_GlobalVariableDefs.obj (I2caRegsFile)

.ebss      1    00008c00    00000098     UNINITIALIZED
                  00008c00    00000076     Example_2803xI2C_eeprom.obj (.ebss)
                  00008c76    00000004     rts2800_ml.lib : _lock.obj (.ebss)
                  00008c7a    00000004                    : exit.obj (.ebss)
                  00008c7e    00000001                    : errno.obj (.ebss)
                  00008c7f    00000001     --HOLE--
                  00008c80    00000018     DSP2803x_CpuTimers.obj (.ebss)

PartIdRegsFile 
*          1    003d7e80    00000001     UNINITIALIZED
                  003d7e80    00000001     DSP2803x_GlobalVariableDefs.obj (PartIdRegsFile)

CsmPwlFile 
*          1    003f7ff8    00000008     UNINITIALIZED
                  003f7ff8    00000008     DSP2803x_GlobalVariableDefs.obj (CsmPwlFile)


GLOBAL DATA SYMBOLS: SORTED BY DATA PAGE

address     data page           name
--------    ----------------    ----
00000050       1 (00000040)     __stack

00000880      22 (00000880)     _DevEmuRegs

00000985      26 (00000980)     _SysPwrCtrlRegs

00000a80      2a (00000a80)     _FlashRegs

00000ae0      2b (00000ac0)     _CsmRegs

00000b00      2c (00000b00)     _AdcResult

00000c00      30 (00000c00)     _CpuTimer0Regs
00000c08      30 (00000c00)     _CpuTimer1Regs
00000c10      30 (00000c00)     _CpuTimer2Regs

00000ce0      33 (00000cc0)     _PieCtrlRegs

00000d00      34 (00000d00)     _EmuKey
00000d00      34 (00000d00)     _PieVectTable
00000d01      34 (00000d00)     _EmuBMode
00000d02      34 (00000d00)     _Flash_CallbackPtr
00000d04      34 (00000d00)     _Flash_CPUScaleFactor

00001400      50 (00001400)     _Cla1Regs

00006000     180 (00006000)     _ECanaRegs

00006040     181 (00006040)     _ECanaLAMRegs

00006080     182 (00006080)     _ECanaMOTSRegs

000060c0     183 (000060c0)     _ECanaMOTORegs

00006100     184 (00006100)     _ECanaMboxes

00006400     190 (00006400)     _Comp1Regs
00006420     190 (00006400)     _Comp2Regs

00006440     191 (00006440)     _Comp3Regs

00006800     1a0 (00006800)     _EPwm1Regs

00006840     1a1 (00006840)     _EPwm2Regs

00006880     1a2 (00006880)     _EPwm3Regs

000068c0     1a3 (000068c0)     _EPwm4Regs

00006900     1a4 (00006900)     _EPwm5Regs

00006940     1a5 (00006940)     _EPwm6Regs

00006980     1a6 (00006980)     _EPwm7Regs

00006a00     1a8 (00006a00)     _ECap1Regs

00006ac0     1ab (00006ac0)     _HRCap1Regs
00006ae0     1ab (00006ac0)     _HRCap2Regs

00006b00     1ac (00006b00)     _EQep1Regs

00006c00     1b0 (00006c00)     _LinaRegs

00006f80     1be (00006f80)     _GpioCtrlRegs

00006fc0     1bf (00006fc0)     _GpioDataRegs
00006fe0     1bf (00006fc0)     _GpioIntRegs

00007010     1c0 (00007000)     _SysCtrlRegs

00007040     1c1 (00007040)     _SpiaRegs
00007050     1c1 (00007040)     _SciaRegs
00007060     1c1 (00007040)     _NmiIntruptRegs
00007070     1c1 (00007040)     _XIntruptRegs

00007100     1c4 (00007100)     _AdcRegs

00007740     1dd (00007740)     _SpibRegs

00007900     1e4 (00007900)     _I2caRegs

00008c00     230 (00008c00)     _flagCurrent
00008c01     230 (00008c00)     _balance
00008c02     230 (00008c00)     _flagCharged
00008c03     230 (00008c00)     _flagVoltage
00008c04     230 (00008c00)     _flagDischarged
00008c05     230 (00008c00)     _DataOut
00008c06     230 (00008c00)     _counter_50Hz
00008c07     230 (00008c00)     _Received
00008c08     230 (00008c00)     _DataOut2
00008c09     230 (00008c00)     _flagTemp
00008c0a     230 (00008c00)     _Cell_B2
00008c0b     230 (00008c00)     _Cell_B3
00008c0c     230 (00008c00)     _CANcounter
00008c0d     230 (00008c00)     _Cell_B1
00008c0e     230 (00008c00)     _system_status
00008c0f     230 (00008c00)     _count1
00008c10     230 (00008c00)     _count
00008c11     230 (00008c00)     _current_int
00008c12     230 (00008c00)     _Charger_status
00008c13     230 (00008c00)     _rus
00008c16     230 (00008c00)     _NodeID
00008c18     230 (00008c00)     _Vlow
00008c1a     230 (00008c00)     _Vhigh
00008c1c     230 (00008c00)     _ADCoffset
00008c1e     230 (00008c00)     _current
00008c20     230 (00008c00)     _ADCgain
00008c22     230 (00008c00)     _test_current
00008c24     230 (00008c00)     _Ah
00008c26     230 (00008c00)     _I
00008c28     230 (00008c00)     _toets2
00008c2a     230 (00008c00)     _ref
00008c2c     230 (00008c00)     _CurrentMsgPtr
00008c30     230 (00008c00)     _Ireference
00008c32     230 (00008c00)     _toets
00008c34     230 (00008c00)     _Vt
00008c38     230 (00008c00)     _test_blah

00008c40     231 (00008c40)     _T
00008c46     231 (00008c40)     _I2cMsgOut1
00008c4f     231 (00008c40)     _I2cMsgIn1
00008c58     231 (00008c40)     _V
00008c76     231 (00008c40)     __unlock
00008c78     231 (00008c40)     __lock
00008c7a     231 (00008c40)     ___TI_cleanup_ptr
00008c7c     231 (00008c40)     ___TI_dtors_ptr
00008c7e     231 (00008c40)     _errno

00008c80     232 (00008c80)     _CpuTimer1
00008c88     232 (00008c80)     _CpuTimer2
00008c90     232 (00008c80)     _CpuTimer0

003d7e80    f5fa (003d7e80)     _PartIdRegs

003f2000    fc80 (003f2000)     _PieVectTableInit

003f7ff8    fdff (003f7fc0)     _CsmPwl


GLOBAL SYMBOLS: SORTED ALPHABETICALLY BY Name 

address    name
--------   ----
003f6000   .text
003f733e   C$$EXIT
003f7061   FS$$ADD
003f7357   FS$$CMP
003f6fd9   FS$$DIV
003f714a   FS$$MPY
003f705c   FS$$SUB
003f72b0   FS$$TOI
003f723a   FS$$TOL
003f72d5   FS$$TOU
003f72f2   I$$TOFS
003f7382   U$$TOFS
003f6bdc   _ADCINT1_ISR
003f6be1   _ADCINT2_ISR
003f6c95   _ADCINT3_ISR
003f6c9a   _ADCINT4_ISR
003f6c9f   _ADCINT5_ISR
003f6ca4   _ADCINT6_ISR
003f6ca9   _ADCINT7_ISR
003f6cae   _ADCINT8_ISR
003f6bf0   _ADCINT9_ISR
00008c20   _ADCgain
00008c1c   _ADCoffset
003f6a43   _AdcChanSelect
003f6a56   _AdcConversion
003f6a1c   _AdcOffsetSelfCal
00007100   _AdcRegs
00000b00   _AdcResult
00008c24   _Ah
003f637d   _Balance
003f613e   _Bq76940_Init
003f683c   _CANChargerReception
003f66ea   _CANInterruptConfig
003f66b6   _CANMailboxConfig
003f661f   _CANSetup
003f6729   _CANSlaveReception
003f6708   _CANTransmit
00008c0c   _CANcounter
003f6cb3   _CLA1_INT1_ISR
003f6cb8   _CLA1_INT2_ISR
003f6cbd   _CLA1_INT3_ISR
003f6cc2   _CLA1_INT4_ISR
003f6cc7   _CLA1_INT5_ISR
003f6ccc   _CLA1_INT6_ISR
003f6cd1   _CLA1_INT7_ISR
003f6cd6   _CLA1_INT8_ISR
003f65ca   _CRC8
00008c0d   _Cell_B1
00008c0a   _Cell_B2
00008c0b   _Cell_B3
00008c12   _Charger_status
003f6996   _ChgCalculator
00001400   _Cla1Regs
00006400   _Comp1Regs
00006420   _Comp2Regs
00006440   _Comp3Regs
003f7115   _ConfigCpuTimer
00008c90   _CpuTimer0
00000c00   _CpuTimer0Regs
00008c80   _CpuTimer1
00000c08   _CpuTimer1Regs
00008c88   _CpuTimer2
00000c10   _CpuTimer2Regs
003f7ff8   _CsmPwl
00000ae0   _CsmRegs
003f6db5   _CsmUnlock
00008c2c   _CurrentMsgPtr
003f6b87   _DATALOG_ISR
00008000   _DSP28x_usDelay
00008c05   _DataOut
00008c08   _DataOut2
00000880   _DevEmuRegs
003f6d1d   _DisableDog
003f6c8b   _ECAN0INTA_ISR
003f6c90   _ECAN1INTA_ISR
003f6c45   _ECAP1_INT_ISR
00006040   _ECanaLAMRegs
000060c0   _ECanaMOTORegs
00006080   _ECanaMOTSRegs
00006100   _ECanaMboxes
00006000   _ECanaRegs
00006a00   _ECap1Regs
003f6cea   _EMPTY_ISR
003f6b91   _EMUINT_ISR
003f6c22   _EPWM1_INT_ISR
003f6bff   _EPWM1_TZINT_ISR
003f6c27   _EPWM2_INT_ISR
003f6c04   _EPWM2_TZINT_ISR
003f6c2c   _EPWM3_INT_ISR
003f6c09   _EPWM3_TZINT_ISR
003f6c31   _EPWM4_INT_ISR
003f6c0e   _EPWM4_TZINT_ISR
003f6c36   _EPWM5_INT_ISR
003f6c13   _EPWM5_TZINT_ISR
003f6c3b   _EPWM6_INT_ISR
003f6c18   _EPWM6_TZINT_ISR
003f6c40   _EPWM7_INT_ISR
003f6c1d   _EPWM7_TZINT_ISR
00006800   _EPwm1Regs
00006840   _EPwm2Regs
00006880   _EPwm3Regs
000068c0   _EPwm4Regs
00006900   _EPwm5Regs
00006940   _EPwm6Regs
00006980   _EPwm7Regs
003f6c54   _EQEP1_INT_ISR
00006b00   _EQep1Regs
00000d01   _EmuBMode
00000d00   _EmuKey
003f7282   _EnableInterrupts
003f6e1e   _ExtOscSel
00000a80   _FlashRegs
00000d04   _Flash_CPUScaleFactor
00000d02   _Flash_CallbackPtr
00006f80   _GpioCtrlRegs
00006fc0   _GpioDataRegs
00006fe0   _GpioIntRegs
003f6c4a   _HRCAP1_INT_ISR
003f6c4f   _HRCAP2_INT_ISR
00006ac0   _HRCap1Regs
00006ae0   _HRCap2Regs
00008c26   _I
003f612b   _I2CA_Init
003f655f   _I2CA_ReadData
003f6527   _I2CA_WriteData
003f6c6d   _I2CINT1A_ISR
003f6c72   _I2CINT2A_ISR
00008c4f   _I2cMsgIn1
00008c46   _I2cMsgOut1
00007900   _I2caRegs
003f6b9b   _ILLEGAL_ISR
003f6b7d   _INT13_ISR
003f6b82   _INT14_ISR
003f69d4   _InitAdc
003f69fa   _InitAdcAio
003f70d4   _InitCpuTimers
003f730c   _InitI2C
003f730d   _InitI2CGpio
003f6d79   _InitPeripheralClocks
003f7263   _InitPieCtrl
003f728b   _InitPieVectTable
003f6d25   _InitPll
003f71a4   _InitSpi
003f71a5   _InitSpiGpio
003f71aa   _InitSpiaGpio
003f71d8   _InitSpibGpio
003f6cf9   _InitSysCtrl
003f60d5   _Init_Gpio
003f6de6   _IntOsc1Sel
003f6df6   _IntOsc2Sel
00008c30   _Ireference
003f6c81   _LIN0INTA_ISR
003f6c86   _LIN1INTA_ISR
003f6ce5   _LUF_ISR
003f6ce0   _LVF_ISR
00006c00   _LinaRegs
003f6b96   _NMI_ISR
00007060   _NmiIntruptRegs
00008c16   _NodeID
003f6cef   _PIE_RESERVED
003d7e80   _PartIdRegs
00000ce0   _PieCtrlRegs
00000d00   _PieVectTable
003f2000   _PieVectTableInit
003f6b8c   _RTOSINT_ISR
003f0004   _RamfuncsLoadEnd
003f0000   _RamfuncsLoadStart
00008000   _RamfuncsRunStart
003f61f0   _Read_CellVol
003f62ce   _Read_Temp
00008c07   _Received
003f6c77   _SCIRXINTA_ISR
003f6c7c   _SCITXINTA_ISR
003f6c59   _SPIRXINTA_ISR
003f6c63   _SPIRXINTB_ISR
003f6c5e   _SPITXINTA_ISR
003f6c68   _SPITXINTB_ISR
00007050   _SciaRegs
003f6d13   _ServiceDog
003f60c4   _Shut_D_BQ
00007040   _SpiaRegs
00007740   _SpibRegs
00007010   _SysCtrlRegs
00000985   _SysPwrCtrlRegs
00008c40   _T
003f6bf5   _TINT0_ISR
003f6bcd   _USER10_ISR
003f6bd2   _USER11_ISR
003f6bd7   _USER12_ISR
003f6ba0   _USER1_ISR
003f6ba5   _USER2_ISR
003f6baa   _USER3_ISR
003f6baf   _USER4_ISR
003f6bb4   _USER5_ISR
003f6bb9   _USER6_ISR
003f6bbe   _USER7_ISR
003f6bc3   _USER8_ISR
003f6bc8   _USER9_ISR
00008c58   _V
00008c1a   _Vhigh
00008c18   _Vlow
00008c34   _Vt
003f6bfa   _WAKEINT_ISR
003f6be6   _XINT1_ISR
003f6beb   _XINT2_ISR
003f6cdb   _XINT3_ISR
00007070   _XIntruptRegs
003f6e0a   _XtalOscSel
000003d0   __STACK_END
00000380   __STACK_SIZE
00000001   __TI_args_main
00008c7a   ___TI_cleanup_ptr
00008c7c   ___TI_dtors_ptr
ffffffff   ___binit__
ffffffff   ___c_args__
003f73a3   ___cinit__
003f73a3   ___etext__
ffffffff   ___pinit__
003f6000   ___text__
003f7325   __args_main
00008c78   __lock
003f739a   __nop
003f7396   __register_lock
003f7392   __register_unlock
00000050   __stack
00008c76   __unlock
003f733e   _abort
003f6e34   _adc_isr
00008c01   _balance
003f71f6   _c_int00
003f6ef9   _can_rx_isr
003f6f21   _can_tx_isr
003f65f3   _configADC
00008c10   _count
00008c0f   _count1
00008c06   _counter_50Hz
003f6e79   _cpu_timer0_isr
003f6e8a   _cpu_timer1_isr
003f6eb1   _cpu_timer2_isr
00008c1e   _current
00008c11   _current_int
00008c7e   _errno
003f7340   _exit
00008c02   _flagCharged
00008c00   _flagCurrent
00008c04   _flagDischarged
00008c09   _flagTemp
00008c03   _flagVoltage
003f736e   _frexp
003f6ebd   _i2c_int1a_isr
003f6f2f   _log
003f6000   _main
00008c2a   _ref
003f6cf4   _rsvd_ISR
00008c13   _rus
00008c0e   _system_status
00008c38   _test_blah
00008c22   _test_current
00008c32   _toets
00008c28   _toets2
ffffffff   binit
003f73a3   cinit
003f7ff6   code_start
003f73a3   etext
ffffffff   pinit


GLOBAL SYMBOLS: SORTED BY Symbol Address 

address    name
--------   ----
00000001   __TI_args_main
00000050   __stack
00000380   __STACK_SIZE
000003d0   __STACK_END
00000880   _DevEmuRegs
00000985   _SysPwrCtrlRegs
00000a80   _FlashRegs
00000ae0   _CsmRegs
00000b00   _AdcResult
00000c00   _CpuTimer0Regs
00000c08   _CpuTimer1Regs
00000c10   _CpuTimer2Regs
00000ce0   _PieCtrlRegs
00000d00   _EmuKey
00000d00   _PieVectTable
00000d01   _EmuBMode
00000d02   _Flash_CallbackPtr
00000d04   _Flash_CPUScaleFactor
00001400   _Cla1Regs
00006000   _ECanaRegs
00006040   _ECanaLAMRegs
00006080   _ECanaMOTSRegs
000060c0   _ECanaMOTORegs
00006100   _ECanaMboxes
00006400   _Comp1Regs
00006420   _Comp2Regs
00006440   _Comp3Regs
00006800   _EPwm1Regs
00006840   _EPwm2Regs
00006880   _EPwm3Regs
000068c0   _EPwm4Regs
00006900   _EPwm5Regs
00006940   _EPwm6Regs
00006980   _EPwm7Regs
00006a00   _ECap1Regs
00006ac0   _HRCap1Regs
00006ae0   _HRCap2Regs
00006b00   _EQep1Regs
00006c00   _LinaRegs
00006f80   _GpioCtrlRegs
00006fc0   _GpioDataRegs
00006fe0   _GpioIntRegs
00007010   _SysCtrlRegs
00007040   _SpiaRegs
00007050   _SciaRegs
00007060   _NmiIntruptRegs
00007070   _XIntruptRegs
00007100   _AdcRegs
00007740   _SpibRegs
00007900   _I2caRegs
00008000   _DSP28x_usDelay
00008000   _RamfuncsRunStart
00008c00   _flagCurrent
00008c01   _balance
00008c02   _flagCharged
00008c03   _flagVoltage
00008c04   _flagDischarged
00008c05   _DataOut
00008c06   _counter_50Hz
00008c07   _Received
00008c08   _DataOut2
00008c09   _flagTemp
00008c0a   _Cell_B2
00008c0b   _Cell_B3
00008c0c   _CANcounter
00008c0d   _Cell_B1
00008c0e   _system_status
00008c0f   _count1
00008c10   _count
00008c11   _current_int
00008c12   _Charger_status
00008c13   _rus
00008c16   _NodeID
00008c18   _Vlow
00008c1a   _Vhigh
00008c1c   _ADCoffset
00008c1e   _current
00008c20   _ADCgain
00008c22   _test_current
00008c24   _Ah
00008c26   _I
00008c28   _toets2
00008c2a   _ref
00008c2c   _CurrentMsgPtr
00008c30   _Ireference
00008c32   _toets
00008c34   _Vt
00008c38   _test_blah
00008c40   _T
00008c46   _I2cMsgOut1
00008c4f   _I2cMsgIn1
00008c58   _V
00008c76   __unlock
00008c78   __lock
00008c7a   ___TI_cleanup_ptr
00008c7c   ___TI_dtors_ptr
00008c7e   _errno
00008c80   _CpuTimer1
00008c88   _CpuTimer2
00008c90   _CpuTimer0
003d7e80   _PartIdRegs
003f0000   _RamfuncsLoadStart
003f0004   _RamfuncsLoadEnd
003f2000   _PieVectTableInit
003f6000   .text
003f6000   ___text__
003f6000   _main
003f60c4   _Shut_D_BQ
003f60d5   _Init_Gpio
003f612b   _I2CA_Init
003f613e   _Bq76940_Init
003f61f0   _Read_CellVol
003f62ce   _Read_Temp
003f637d   _Balance
003f6527   _I2CA_WriteData
003f655f   _I2CA_ReadData
003f65ca   _CRC8
003f65f3   _configADC
003f661f   _CANSetup
003f66b6   _CANMailboxConfig
003f66ea   _CANInterruptConfig
003f6708   _CANTransmit
003f6729   _CANSlaveReception
003f683c   _CANChargerReception
003f6996   _ChgCalculator
003f69d4   _InitAdc
003f69fa   _InitAdcAio
003f6a1c   _AdcOffsetSelfCal
003f6a43   _AdcChanSelect
003f6a56   _AdcConversion
003f6b7d   _INT13_ISR
003f6b82   _INT14_ISR
003f6b87   _DATALOG_ISR
003f6b8c   _RTOSINT_ISR
003f6b91   _EMUINT_ISR
003f6b96   _NMI_ISR
003f6b9b   _ILLEGAL_ISR
003f6ba0   _USER1_ISR
003f6ba5   _USER2_ISR
003f6baa   _USER3_ISR
003f6baf   _USER4_ISR
003f6bb4   _USER5_ISR
003f6bb9   _USER6_ISR
003f6bbe   _USER7_ISR
003f6bc3   _USER8_ISR
003f6bc8   _USER9_ISR
003f6bcd   _USER10_ISR
003f6bd2   _USER11_ISR
003f6bd7   _USER12_ISR
003f6bdc   _ADCINT1_ISR
003f6be1   _ADCINT2_ISR
003f6be6   _XINT1_ISR
003f6beb   _XINT2_ISR
003f6bf0   _ADCINT9_ISR
003f6bf5   _TINT0_ISR
003f6bfa   _WAKEINT_ISR
003f6bff   _EPWM1_TZINT_ISR
003f6c04   _EPWM2_TZINT_ISR
003f6c09   _EPWM3_TZINT_ISR
003f6c0e   _EPWM4_TZINT_ISR
003f6c13   _EPWM5_TZINT_ISR
003f6c18   _EPWM6_TZINT_ISR
003f6c1d   _EPWM7_TZINT_ISR
003f6c22   _EPWM1_INT_ISR
003f6c27   _EPWM2_INT_ISR
003f6c2c   _EPWM3_INT_ISR
003f6c31   _EPWM4_INT_ISR
003f6c36   _EPWM5_INT_ISR
003f6c3b   _EPWM6_INT_ISR
003f6c40   _EPWM7_INT_ISR
003f6c45   _ECAP1_INT_ISR
003f6c4a   _HRCAP1_INT_ISR
003f6c4f   _HRCAP2_INT_ISR
003f6c54   _EQEP1_INT_ISR
003f6c59   _SPIRXINTA_ISR
003f6c5e   _SPITXINTA_ISR
003f6c63   _SPIRXINTB_ISR
003f6c68   _SPITXINTB_ISR
003f6c6d   _I2CINT1A_ISR
003f6c72   _I2CINT2A_ISR
003f6c77   _SCIRXINTA_ISR
003f6c7c   _SCITXINTA_ISR
003f6c81   _LIN0INTA_ISR
003f6c86   _LIN1INTA_ISR
003f6c8b   _ECAN0INTA_ISR
003f6c90   _ECAN1INTA_ISR
003f6c95   _ADCINT3_ISR
003f6c9a   _ADCINT4_ISR
003f6c9f   _ADCINT5_ISR
003f6ca4   _ADCINT6_ISR
003f6ca9   _ADCINT7_ISR
003f6cae   _ADCINT8_ISR
003f6cb3   _CLA1_INT1_ISR
003f6cb8   _CLA1_INT2_ISR
003f6cbd   _CLA1_INT3_ISR
003f6cc2   _CLA1_INT4_ISR
003f6cc7   _CLA1_INT5_ISR
003f6ccc   _CLA1_INT6_ISR
003f6cd1   _CLA1_INT7_ISR
003f6cd6   _CLA1_INT8_ISR
003f6cdb   _XINT3_ISR
003f6ce0   _LVF_ISR
003f6ce5   _LUF_ISR
003f6cea   _EMPTY_ISR
003f6cef   _PIE_RESERVED
003f6cf4   _rsvd_ISR
003f6cf9   _InitSysCtrl
003f6d13   _ServiceDog
003f6d1d   _DisableDog
003f6d25   _InitPll
003f6d79   _InitPeripheralClocks
003f6db5   _CsmUnlock
003f6de6   _IntOsc1Sel
003f6df6   _IntOsc2Sel
003f6e0a   _XtalOscSel
003f6e1e   _ExtOscSel
003f6e34   _adc_isr
003f6e79   _cpu_timer0_isr
003f6e8a   _cpu_timer1_isr
003f6eb1   _cpu_timer2_isr
003f6ebd   _i2c_int1a_isr
003f6ef9   _can_rx_isr
003f6f21   _can_tx_isr
003f6f2f   _log
003f6fd9   FS$$DIV
003f705c   FS$$SUB
003f7061   FS$$ADD
003f70d4   _InitCpuTimers
003f7115   _ConfigCpuTimer
003f714a   FS$$MPY
003f71a4   _InitSpi
003f71a5   _InitSpiGpio
003f71aa   _InitSpiaGpio
003f71d8   _InitSpibGpio
003f71f6   _c_int00
003f723a   FS$$TOL
003f7263   _InitPieCtrl
003f7282   _EnableInterrupts
003f728b   _InitPieVectTable
003f72b0   FS$$TOI
003f72d5   FS$$TOU
003f72f2   I$$TOFS
003f730c   _InitI2C
003f730d   _InitI2CGpio
003f7325   __args_main
003f733e   C$$EXIT
003f733e   _abort
003f7340   _exit
003f7357   FS$$CMP
003f736e   _frexp
003f7382   U$$TOFS
003f7392   __register_unlock
003f7396   __register_lock
003f739a   __nop
003f73a3   ___cinit__
003f73a3   ___etext__
003f73a3   cinit
003f73a3   etext
003f7ff6   code_start
003f7ff8   _CsmPwl
ffffffff   ___binit__
ffffffff   ___c_args__
ffffffff   ___pinit__
ffffffff   binit
ffffffff   pinit

[265 symbols]
